23:28:04 **** Build of configuration Debug for project mb_blink ****
make all 
Building file: ../src/mb_blink.c
Invoking: MicroBlaze gcc compiler
mb-gcc -Wall -O0 -g3 -c -fmessage-length=0 -MT"src/mb_blink.o" -I/home/zhihaow6/Desktop/Vitis/Lab6.1/mb_intro_top/export/mb_intro_top/sw/mb_intro_top/standalone_microblaze_0/bspinclude/include -mno-xl-reorder -mlittle-endian -mxl-barrel-shift -mxl-pattern-compare -mcpu=v11.0 -mno-xl-soft-mul -Wl,--no-relax -ffunction-sections -fdata-sections -MMD -MP -MF"src/mb_blink.d" -MT"src/mb_blink.o" -o "src/mb_blink.o" "../src/mb_blink.c"
In file included from ../src/mb_blink.c:12:
/home/zhihaow6/Desktop/Vitis/Lab6.1/mb_intro_top/export/mb_intro_top/sw/mb_intro_top/standalone_microblaze_0/bspinclude/include/xparameters.h:573:34: warning: initialization of 'volatile uint32_t *' {aka 'volatile long unsigned int *'} from 'int' makes pointer from integer without a cast [-Wint-conversion]
  573 | #define XPAR_AXI_GPIO_0_BASEADDR 0x40000000
      |                                  ^~~~~~~~~~
../src/mb_blink.c:20:36: note: in expansion of macro 'XPAR_AXI_GPIO_0_BASEADDR'
   20 | volatile uint32_t* led_gpio_data = XPAR_AXI_GPIO_0_BASEADDR;  //Hint: either find the manual address (via the memory map in the block diagram, or
      |                                    ^~~~~~~~~~~~~~~~~~~~~~~~
/home/zhihaow6/Desktop/Vitis/Lab6.1/mb_intro_top/export/mb_intro_top/sw/mb_intro_top/standalone_microblaze_0/bspinclude/include/xparameters.h:581:34: warning: initialization of 'volatile uint32_t *' {aka 'volatile long unsigned int *'} from 'int' makes pointer from integer without a cast [-Wint-conversion]
  581 | #define XPAR_AXI_GPIO_1_BASEADDR 0x40010000
      |                                  ^~~~~~~~~~
../src/mb_blink.c:24:28: note: in expansion of macro 'XPAR_AXI_GPIO_1_BASEADDR'
   24 | volatile uint32_t* accu =  XPAR_AXI_GPIO_1_BASEADDR;
      |                            ^~~~~~~~~~~~~~~~~~~~~~~~
/home/zhihaow6/Desktop/Vitis/Lab6.1/mb_intro_top/export/mb_intro_top/sw/mb_intro_top/standalone_microblaze_0/bspinclude/include/xparameters.h:589:34: warning: initialization of 'volatile uint32_t *' {aka 'volatile long unsigned int *'} from 'int' makes pointer from integer without a cast [-Wint-conversion]
  589 | #define XPAR_AXI_GPIO_2_BASEADDR 0x40020000
      |                                  ^~~~~~~~~~
../src/mb_blink.c:26:27: note: in expansion of macro 'XPAR_AXI_GPIO_2_BASEADDR'
   26 | volatile uint32_t* clr =  XPAR_AXI_GPIO_2_BASEADDR;
      |                           ^~~~~~~~~~~~~~~~~~~~~~~~
/home/zhihaow6/Desktop/Vitis/Lab6.1/mb_intro_top/export/mb_intro_top/sw/mb_intro_top/standalone_microblaze_0/bspinclude/include/xparameters.h:597:34: warning: initialization of 'volatile uint32_t *' {aka 'volatile long unsigned int *'} from 'int' makes pointer from integer without a cast [-Wint-conversion]
  597 | #define XPAR_AXI_GPIO_3_BASEADDR 0x40030000
      |                                  ^~~~~~~~~~
../src/mb_blink.c:28:26: note: in expansion of macro 'XPAR_AXI_GPIO_3_BASEADDR'
   28 | volatile uint32_t* acc = XPAR_AXI_GPIO_3_BASEADDR;
      |                          ^~~~~~~~~~~~~~~~~~~~~~~~
Finished building: ../src/mb_blink.c
 
Building file: ../src/platform.c
Invoking: MicroBlaze gcc compiler
mb-gcc -Wall -O0 -g3 -c -fmessage-length=0 -MT"src/platform.o" -I/home/zhihaow6/Desktop/Vitis/Lab6.1/mb_intro_top/export/mb_intro_top/sw/mb_intro_top/standalone_microblaze_0/bspinclude/include -mno-xl-reorder -mlittle-endian -mxl-barrel-shift -mxl-pattern-compare -mcpu=v11.0 -mno-xl-soft-mul -Wl,--no-relax -ffunction-sections -fdata-sections -MMD -MP -MF"src/platform.d" -MT"src/platform.o" -o "src/platform.o" "../src/platform.c"
Finished building: ../src/platform.c
 
Building target: mb_blink.elf
Invoking: MicroBlaze gcc linker
mb-gcc -Wl,-T -Wl,../src/lscript.ld -L/home/zhihaow6/Desktop/Vitis/Lab6.1/mb_intro_top/export/mb_intro_top/sw/mb_intro_top/standalone_microblaze_0/bsplib/lib -mlittle-endian -mxl-barrel-shift -mxl-pattern-compare -mcpu=v11.0 -mno-xl-soft-mul -Wl,--no-relax -Wl,--gc-sections -o "mb_blink.elf" ./src/mb_blink.o ./src/platform.o   -Wl,--start-group,-lxil,-lgcc,-lc,--end-group
Finished building target: mb_blink.elf
 
Invoking: MicroBlaze Print Size
mb-size mb_blink.elf  |tee "mb_blink.elf.size"
   text	   data	    bss	    dec	    hex	filename
  16628	   1376	   3172	  21176	   52b8	mb_blink.elf
Finished building: mb_blink.elf.size
 

23:28:04 Build Finished (took 268ms)

